// Jest Snapshot v1, https://goo.gl/fbAQLP

exports[`renders correctly 1`] = `
<div
  className="react-patterns"
  style={
    Object {
      "position": "relative",
    }
  }
>
  <button
    className="b-cart-toggle b-cart-toggle--not-in-cart"
    onClick={[Function]}
    title="Add to cart"
  >
    + Add to cart
  </button>
  <div
    className="react-patterns__example"
  >
    <h1>
      test
    </h1>
  </div>
  <details
    className="react-patterns__html"
    onClick={[Function]}
  >
    <summary>
      <abbr
        title="hypertext markup language"
      >
        HTML
      </abbr>
    </summary>
    <code
      className="b-code"
      dangerouslySetInnerHTML={
        Object {
          "__html": Array [],
        }
      }
    />
  </details>
  <details
    className="react-patterns__css"
    onClick={[Function]}
  >
    <summary>
      <abbr
        title="Cascading Style Sheets"
      >
        CSS
      </abbr>
    </summary>
    <code
      className="b-code"
      dangerouslySetInnerHTML={
        Object {
          "__html": Array [],
        }
      }
    />
  </details>
</div>
`;
